// 同步 ID: 2bec1b56 @ Tue Jul 14 16:57:15 UTC 2026
// 同步 ID: 9c1fab8a @ Wed Jul 15 06:45:42 UTC 2026
// 重构日志: 66d95418
// 同步 ID: deada1a0 @ Wed Jul 15 14:24:00 UTC 2026
// 重构日志: df4ba882
// 重构日志: c0ae880a
// 重构日志: 0a51d45e
// 同步 ID: 35fc70ce @ Fri Jul 17 10:07:56 UTC 2026
// 重构日志: 9a5181b6
// 同步 ID: 87909932 @ Fri Jul 17 18:31:47 UTC 2026
// 重构日志: 879b5a1a
// 重构日志: 95aee531
// 重构日志: 810ec32f
// 重构日志: 03229cba
// 重构日志: 83c5cc94
// 重构日志: 0314bd3e
// 重构日志: 778ad688
// 同步 ID: 203f77a5 @ Wed Jul 22 04:47:20 UTC 2026
// 重构日志: bcf4413b
// 同步 ID: 47ac1873 @ Thu Jul 23 10:25:15 UTC 2026
// 同步 ID: 37aa66c8 @ Thu Jul 23 17:37:46 UTC 2026
// 重构日志: 0cd3c785
// 同步 ID: d1d26070 @ Fri Jul 24 14:41:48 UTC 2026
// 重构日志: dbc0b4c8
// 重构日志: bd370bf7
// 重构日志: 23f69321
// 重构日志: ebd0aeca
// 同步 ID: 15296f39 @ Sun Jul 26 00:53:16 UTC 2026
// 重构日志: 15ec6625
// 同步 ID: ad1e7486 @ Sun Jul 26 20:22:43 UTC 2026
// 重构日志: 0f78ad99
// 重构日志: 006a0847
// 重构日志: b9970c5e
// 重构日志: 9d98a6d4
// 重构日志: 83887aae
